BitDefender Antivirus Scanner for Unices v7.90123 Linux-amd64
Copyright (C) 1996-2009 BitDefender. All rights reserved.
Trial key found. 30 days remaining.

Infected file action: ignore
Suspected file action: ignore
Error: core loading failed
